Initiating SP-01 Strategist Test...
[2026-02-21T17:17:30.595Z] [INFO] [sp-01] [THINKING] Grounding intelligence on live internet... (0%) 
[SP-01 Status] thinking: undefined (0%)
[2026-02-21T17:17:30.911Z] [INFO] [DiscoveryEngine] Discovery Engine client initialized (Fail-soft mode active) 
[2026-02-21T17:17:30.912Z] [INFO] [GoogleWorkspace] Google Workspace Auth initialized successfully. 
[2026-02-21T17:17:30.912Z] [INFO] [DiscoveryEngine] Searching knowledge for query: Research latest advertising trends for Volkswagen ... 
[2026-02-21T17:17:30.950Z] [INFO] [sp-01] Vault Grounding successful for: Research latest advertising trends for Volkswagen EVs in Germany 2026 
[2026-02-21T17:17:30.950Z] [INFO] [sp-01] [WORKING] Aggregating live competitor data & Behavioral Economics... (50%) 
[SP-01 Status] working: undefined (50%)
[2026-02-21T17:17:30.951Z] [INFO] [VertexAI] Generating grounded content for prompt: 
      
    IDENTITY: You are the GenIUS Strategic... 
[2026-02-21T17:17:33.352Z] [ERROR] [VertexAI] Error generating grounded content, falling back to ungrounded ClientError: [VertexAI.ClientError]: got status: 404 Not Found. {"error":{"code":404,"message":"Publisher Model `projects/online-marketing-manager/locations/europe-west1/publishers/google/models/gemini-1.5-pro-002` was not found or your project does not have access to it. Please ensure you are using a valid model version. For more information, see: https://cloud.google.com/vertex-ai/generative-ai/docs/learn/model-versions","status":"NOT_FOUND"}}
    at throwErrorIfNotOK (C:\Users\HP\Desktop\agenticum g5 landingpage\backend\node_modules\@google-cloud\vertexai\src\functions\post_fetch_processing.ts:47:21)
    at processTicksAndRejections (node:internal/process/task_queues:105:5)
    at async generateContent (C:\Users\HP\Desktop\agenticum g5 landingpage\backend\node_modules\@google-cloud\vertexai\src\functions\generate_content.ts:94:3) {
  stackTrace: GoogleApiError: Publisher Model `projects/online-marketing-manager/locations/europe-west1/publishers/google/models/gemini-1.5-pro-002` was not found or your project does not have access to it. Please ensure you are using a valid model version. For more information, see: https://cloud.google.com/vertex-ai/generative-ai/docs/learn/model-versions
      at throwErrorIfNotOK (C:\Users\HP\Desktop\agenticum g5 landingpage\backend\node_modules\@google-cloud\vertexai\src\functions\post_fetch_processing.ts:49:9)
      at processTicksAndRejections (node:internal/process/task_queues:105:5)
      at async generateContent (C:\Users\HP\Desktop\agenticum g5 landingpage\backend\node_modules\@google-cloud\vertexai\src\functions\generate_content.ts:94:3) {
    code: 404,
    status: 'NOT_FOUND',
    errorDetails: undefined
  },
  [cause]: GoogleApiError: Publisher Model `projects/online-marketing-manager/locations/europe-west1/publishers/google/models/gemini-1.5-pro-002` was not found or your project does not have access to it. Please ensure you are using a valid model version. For more information, see: https://cloud.google.com/vertex-ai/generative-ai/docs/learn/model-versions
      at throwErrorIfNotOK (C:\Users\HP\Desktop\agenticum g5 landingpage\backend\node_modules\@google-cloud\vertexai\src\functions\post_fetch_processing.ts:49:9)
      at processTicksAndRejections (node:internal/process/task_queues:105:5)
      at async generateContent (C:\Users\HP\Desktop\agenticum g5 landingpage\backend\node_modules\@google-cloud\vertexai\src\functions\generate_content.ts:94:3) {
    code: 404,
    status: 'NOT_FOUND',
    errorDetails: undefined
  }
}
[2026-02-21T17:17:33.356Z] [INFO] [VertexAI] Generating content for prompt: 
      
    IDENTITY: You are the GenIUS Strategic... 
[2026-02-21T17:17:33.426Z] [ERROR] [VertexAI] Error generating content ClientError: [VertexAI.ClientError]: got status: 404 Not Found. {"error":{"code":404,"message":"Publisher Model `projects/online-marketing-manager/locations/europe-west1/publishers/google/models/gemini-1.5-pro-002` was not found or your project does not have access to it. Please ensure you are using a valid model version. For more information, see: https://cloud.google.com/vertex-ai/generative-ai/docs/learn/model-versions","status":"NOT_FOUND"}}
    at throwErrorIfNotOK (C:\Users\HP\Desktop\agenticum g5 landingpage\backend\node_modules\@google-cloud\vertexai\src\functions\post_fetch_processing.ts:47:21)
    at processTicksAndRejections (node:internal/process/task_queues:105:5)
    at async generateContent (C:\Users\HP\Desktop\agenticum g5 landingpage\backend\node_modules\@google-cloud\vertexai\src\functions\generate_content.ts:94:3) {
  stackTrace: GoogleApiError: Publisher Model `projects/online-marketing-manager/locations/europe-west1/publishers/google/models/gemini-1.5-pro-002` was not found or your project does not have access to it. Please ensure you are using a valid model version. For more information, see: https://cloud.google.com/vertex-ai/generative-ai/docs/learn/model-versions
      at throwErrorIfNotOK (C:\Users\HP\Desktop\agenticum g5 landingpage\backend\node_modules\@google-cloud\vertexai\src\functions\post_fetch_processing.ts:49:9)
      at processTicksAndRejections (node:internal/process/task_queues:105:5)
      at async generateContent (C:\Users\HP\Desktop\agenticum g5 landingpage\backend\node_modules\@google-cloud\vertexai\src\functions\generate_content.ts:94:3) {
    code: 404,
    status: 'NOT_FOUND',
    errorDetails: undefined
  },
  [cause]: GoogleApiError: Publisher Model `projects/online-marketing-manager/locations/europe-west1/publishers/google/models/gemini-1.5-pro-002` was not found or your project does not have access to it. Please ensure you are using a valid model version. For more information, see: https://cloud.google.com/vertex-ai/generative-ai/docs/learn/model-versions
      at throwErrorIfNotOK (C:\Users\HP\Desktop\agenticum g5 landingpage\backend\node_modules\@google-cloud\vertexai\src\functions\post_fetch_processing.ts:49:9)
      at processTicksAndRejections (node:internal/process/task_queues:105:5)
      at async generateContent (C:\Users\HP\Desktop\agenticum g5 landingpage\backend\node_modules\@google-cloud\vertexai\src\functions\generate_content.ts:94:3) {
    code: 404,
    status: 'NOT_FOUND',
    errorDetails: undefined
  }
}
Test failed: ClientError: [VertexAI.ClientError]: got status: 404 Not Found. {"error":{"code":404,"message":"Publisher Model `projects/online-marketing-manager/locations/europe-west1/publishers/google/models/gemini-1.5-pro-002` was not found or your project does not have access to it. Please ensure you are using a valid model version. For more information, see: https://cloud.google.com/vertex-ai/generative-ai/docs/learn/model-versions","status":"NOT_FOUND"}}
    at throwErrorIfNotOK (C:\Users\HP\Desktop\agenticum g5 landingpage\backend\node_modules\@google-cloud\vertexai\src\functions\post_fetch_processing.ts:47:21)
    at processTicksAndRejections (node:internal/process/task_queues:105:5)
    at async generateContent (C:\Users\HP\Desktop\agenticum g5 landingpage\backend\node_modules\@google-cloud\vertexai\src\functions\generate_content.ts:94:3) {
  stackTrace: GoogleApiError: Publisher Model `projects/online-marketing-manager/locations/europe-west1/publishers/google/models/gemini-1.5-pro-002` was not found or your project does not have access to it. Please ensure you are using a valid model version. For more information, see: https://cloud.google.com/vertex-ai/generative-ai/docs/learn/model-versions
      at throwErrorIfNotOK (C:\Users\HP\Desktop\agenticum g5 landingpage\backend\node_modules\@google-cloud\vertexai\src\functions\post_fetch_processing.ts:49:9)
      at processTicksAndRejections (node:internal/process/task_queues:105:5)
      at async generateContent (C:\Users\HP\Desktop\agenticum g5 landingpage\backend\node_modules\@google-cloud\vertexai\src\functions\generate_content.ts:94:3) {
    code: 404,
    status: 'NOT_FOUND',
    errorDetails: undefined
  },
  [cause]: GoogleApiError: Publisher Model `projects/online-marketing-manager/locations/europe-west1/publishers/google/models/gemini-1.5-pro-002` was not found or your project does not have access to it. Please ensure you are using a valid model version. For more information, see: https://cloud.google.com/vertex-ai/generative-ai/docs/learn/model-versions
      at throwErrorIfNotOK (C:\Users\HP\Desktop\agenticum g5 landingpage\backend\node_modules\@google-cloud\vertexai\src\functions\post_fetch_processing.ts:49:9)
      at processTicksAndRejections (node:internal/process/task_queues:105:5)
      at async generateContent (C:\Users\HP\Desktop\agenticum g5 landingpage\backend\node_modules\@google-cloud\vertexai\src\functions\generate_content.ts:94:3) {
    code: 404,
    status: 'NOT_FOUND',
    errorDetails: undefined
  }
}
